main.c:89:5:main	16	static
main.c:179:6:SystemClock_Config	72	static
main.c:218:13:MX_SPI1_Init	8	static
main.c:256:13:MX_USART1_UART_Init	8	static
main.c:289:13:MX_GPIO_Init	40	static
main.c:334:6:HAL_UART_RxCpltCallback	16	static
main.c:359:6:HAL_UART_IDLE_Callback	24	static
main.c:377:6:UartToFlashWriter	80	static
main.c:552:5:hex_char_to_bin	16	static
main.c:572:6:u8g_port_delay_ns	24	static,ignoring_inline_asm
main.c:581:6:u8g_port_delay_100ns	32	static,ignoring_inline_asm
main.c:589:6:u8g_port_delay_10us	24	static,ignoring_inline_asm
main.c:599:9:u8g2_gpio_and_delay_stm32	24	static
main.c:640:9:u8x8_byte_4wire_hw_spi	24	static
main.c:675:6:Error_Handler	4	static,ignoring_inline_asm
