w25qxx.c:23:9:W25qxx_Spi	32	static
w25qxx.c:30:10:W25qxx_ReadID	24	static
w25qxx.c:43:6:W25qxx_ReadUniqID	24	static
w25qxx.c:54:6:W25qxx_WriteEnable	8	static
w25qxx.c:62:6:W25qxx_WriteDisable	8	static
w25qxx.c:70:9:W25qxx_ReadStatusRegister	24	static
w25qxx.c:96:6:W25qxx_WriteStatusRegister	16	static
w25qxx.c:118:6:W25qxx_WaitForWriteEnd	8	static
w25qxx.c:132:6:W25qxx_Init	16	static
w25qxx.c:252:6:W25qxx_EraseChip	8	static
w25qxx.c:273:6:W25qxx_EraseSector	16	static
w25qxx.c:301:6:W25qxx_EraseBlock	16	static
w25qxx.c:331:10:W25qxx_PageToSector	16	static
w25qxx.c:336:10:W25qxx_PageToBlock	16	static
w25qxx.c:341:10:W25qxx_SectorToBlock	16	static
w25qxx.c:346:10:W25qxx_SectorToPage	16	static
w25qxx.c:351:10:W25qxx_BlockToPage	16	static
w25qxx.c:356:7:W25qxx_IsEmptyPage	72	static
w25qxx.c:425:7:W25qxx_IsEmptySector	72	static
w25qxx.c:494:7:W25qxx_IsEmptyBlock	72	static
w25qxx.c:563:6:W25qxx_WriteByte	16	static
w25qxx.c:590:7:W25qxx_WritePage	24	static
w25qxx.c:636:7:W25qxx_WriteSector	40	static
w25qxx.c:675:7:W25qxx_WriteBlock	40	static
w25qxx.c:714:7:W25qxx_ReadByte	16	static
w25qxx.c:739:6:W25qxx_ReadBytes	24	static
w25qxx.c:777:7:W25qxx_ReadPage	24	static
w25qxx.c:821:7:W25qxx_ReadSector	40	static
w25qxx.c:860:7:W25qxx_ReadBlock	40	static
